// Jest Snapshot v1, https://goo.gl/fbAQLP

exports[`Home.vue should the Home View 1`] = `
<div
  class="grid grid-cols-1 sm:grid-cols-2 md:grid-cols-4 xl:grid-cols-6"
>
  
  
</div>
`;
